creating hailhydra within hydra with text file hail hydra which is in 21bq1a4220-2.1- repo that also in 21bq1a4220-2.1- local repo
ufffff
Microsoft Windows [Version 10.0.22000.978]
(c) Microsoft Corporation. All rights reserved.

C:\Users\likit\OneDrive\Desktop\21bq1a4220-2.1->git init
Initialized empty Git repository in C:/Users/likit/OneDrive/Desktop/21bq1a4220-2.1-/.git/

C:\Users\likit\OneDrive\Desktop\21bq1a4220-2.1->git clone
fatal: You must specify a repository to clone.

usage: git clone [<options>] [--] <repo> [<dir>]

    -v, --verbose         be more verbose
    -q, --quiet           be more quiet
    --progress            force progress reporting
    --reject-shallow      don't clone shallow repository
    -n, --no-checkout     don't create a checkout
    --bare                create a bare repository
    --mirror              create a mirror repository (implies bare)
    -l, --local           to clone from a local repository
    --no-hardlinks        don't use local hardlinks, always copy
    -s, --shared          setup as shared repository
    --recurse-submodules[=<pathspec>]
                          initialize submodules in the clone
    --recursive ...       alias of --recurse-submodules
    -j, --jobs <n>        number of submodules cloned in parallel
    --template <template-directory>
                          directory from which templates will be used
    --reference <repo>    reference repository
    --reference-if-able <repo>
                          reference repository
    --dissociate          use --reference only while cloning
    -o, --origin <name>   use <name> instead of 'origin' to track upstream
    -b, --branch <branch>
                          checkout <branch> instead of the remote's HEAD
    -u, --upload-pack <path>
                          path to git-upload-pack on the remote
    --depth <depth>       create a shallow clone of that depth
    --shallow-since <time>
                          create a shallow clone since a specific time
    --shallow-exclude <revision>
                          deepen history of shallow clone, excluding rev
    --single-branch       clone only one branch, HEAD or --branch
    --no-tags             don't clone any tags, and make later fetches not to follow them
    --shallow-submodules  any cloned submodules will be shallow
    --separate-git-dir <gitdir>
                          separate git dir from working tree
    -c, --config <key=value>
                          set config inside the new repository
    --server-option <server-specific>
                          option to transmit
    -4, --ipv4            use IPv4 addresses only
    -6, --ipv6            use IPv6 addresses only
    --filter <args>       object filtering
    --also-filter-submodules
                          apply partial clone filters to submodules
    --remote-submodules   any cloned submodules will use their remote-tracking branch
    --sparse              initialize sparse-checkout file to include only files at root
    --bundle-uri <uri>    a URI for downloading bundles before fetching from origin remote


C:\Users\likit\OneDrive\Desktop\21bq1a4220-2.1->git clone https://github.com/likith-kiran-singh/21bq1a4220-2.1-.git
Cloning into '21bq1a4220-2.1-'...
remote: Enumerating objects: 3, done.
remote: Counting objects: 100% (3/3), done.
remote: Compressing objects: 100% (2/2), done.
remote: Total 3 (delta 0), reused 0 (delta 0), pack-reused 0
Receiving objects: 100% (3/3), 5.79 KiB | 2.89 MiB/s, done.

C:\Users\likit\OneDrive\Desktop\21bq1a4220-2.1->git add .
warning: adding embedded git repository: 21bq1a4220-2.1-
hint: You've added another git repository inside your current repository.
hint: Clones of the outer repository will not contain the contents of
hint: the embedded repository and will not know how to obtain it.
hint: If you meant to add a submodule, use:
hint:
hint:   git submodule add <url> 21bq1a4220-2.1-
hint:
hint: If you added this path by mistake, you can remove it from the
hint: index with:
hint:
hint:   git rm --cached 21bq1a4220-2.1-
hint:
hint: See "git help submodule" for more information.

C:\Users\likit\OneDrive\Desktop\21bq1a4220-2.1-> git rm --cached 21bq1a4220-2.1-
error: the following file has staged content different from both the
file and the HEAD:
    21bq1a4220-2.1-
(use -f to force removal)

C:\Users\likit\OneDrive\Desktop\21bq1a4220-2.1-> git rm --cached 21bq1a4220-2.1- -f
rm '21bq1a4220-2.1-'

C:\Users\likit\OneDrive\Desktop\21bq1a4220-2.1->cd 21bq1a4220-2.1-

C:\Users\likit\OneDrive\Desktop\21bq1a4220-2.1-\21bq1a4220-2.1->git status
On branch main
Your branch is up to date with 'origin/main'.

nothing to commit, working tree clean

C:\Users\likit\OneDrive\Desktop\21bq1a4220-2.1-\21bq1a4220-2.1->git status
On branch main
Your branch is up to date with 'origin/main'.

Untracked files:
  (use "git add <file>..." to include in what will be committed)
        hydra/

nothing added to commit but untracked files present (use "git add" to track)

C:\Users\likit\OneDrive\Desktop\21bq1a4220-2.1-\21bq1a4220-2.1->git add .

C:\Users\likit\OneDrive\Desktop\21bq1a4220-2.1-\21bq1a4220-2.1->git commit -m "HailHydra"
[main acfe370] HailHydra
 1 file changed, 2 insertions(+)
 create mode 100644 hydra/HailHydra.txt

C:\Users\likit\OneDrive\Desktop\21bq1a4220-2.1-\21bq1a4220-2.1->git push -u origin main
Enumerating objects: 5, done.
Counting objects: 100% (5/5), done.
Delta compression using up to 8 threads
Compressing objects: 100% (3/3), done.
Writing objects: 100% (4/4), 421 bytes | 421.00 KiB/s, done.
Total 4 (delta 0), reused 0 (delta 0), pack-reused 0
To https://github.com/likith-kiran-singh/21bq1a4220-2.1-.git
   65af252..acfe370  main -> main
branch 'main' set up to track 'origin/main'.

C:\Users\likit\OneDrive\Desktop\21bq1a4220-2.1-\21bq1a4220-2.1->git pull
Already up to date.

C:\Users\likit\OneDrive\Desktop\21bq1a4220-2.1-\21bq1a4220-2.1->